Accidental Fires Act (Northern Ireland);year=1944;context=http://www.legislation.gov.uk/id/apni/1944/5
Administration of Estates (Small Payments) Act (Northern Ireland);year=1967;context=http://www.legislation.gov.uk/id/apni/1967/5
Administration of Estates Act (Northern Ireland);year=1955;context=http://www.legislation.gov.uk/id/apni/1955/24
Administration of Estates Act (Northern Ireland);year=1971;context=http://www.legislation.gov.uk/id/apni/1971/31
Administration of Justice Act (Northern Ireland);year=1954;context=http://www.legislation.gov.uk/id/apni/1954/9
Administrative and Financial Provisions Act (Northern Ireland);year=1952;context=http://www.legislation.gov.uk/id/apni/1952/7
Administrative and Financial Provisions Act (Northern Ireland);year=1956;context=http://www.legislation.gov.uk/id/apni/1956/17
Administrative and Financial Provisions Act (Northern Ireland);year=1958;context=http://www.legislation.gov.uk/id/apni/1958/20
Administrative and Financial Provisions Act (Northern Ireland);year=1962;context=http://www.legislation.gov.uk/id/apni/1962/7
Administrative and Financial Provisions Act (Northern Ireland);year=1964;context=http://www.legislation.gov.uk/id/apni/1964/6
Administrative and Financial Provisions Act (Northern Ireland);year=1965;context=http://www.legislation.gov.uk/id/apni/1965/12
Administrative Provisions Act (Northern Ireland);year=1925;context=http://www.legislation.gov.uk/id/apni/1925/3
Administrative Provisions Act (Northern Ireland);year=1926;context=http://www.legislation.gov.uk/id/apni/1926/4
Administrative Provisions Act (Northern Ireland);year=1928;context=http://www.legislation.gov.uk/id/apni/1928/14
Administrative Provisions Act (Northern Ireland);year=1933;context=http://www.legislation.gov.uk/id/apni/1933/25
Adoption (Hague Convention) Act (Northern Ireland);year=1969;context=http://www.legislation.gov.uk/id/apni/1969/22
Age of Majority Act (Northern Ireland);year=1969;context=http://www.legislation.gov.uk/id/apni/1969/28
Age of Marriage Act (Northern Ireland);year=1951;context=http://www.legislation.gov.uk/id/apni/1951/25
Agricultural Marketing Acts (Northern Ireland);year=1964;context=http://www.legislation.gov.uk/id/apni/1964/13
Agricultural Produce (Meat Regulation and Pig Industry) Act (Northern Ireland);year=1962;context=http://www.legislation.gov.uk/id/apni/1962/13
Agricultural Research Station Act (Northern Ireland) 1927 (repealed);year=1927;context=http://www.legislation.gov.uk/id/apni/1927/1
Agricultural Research Station Act (Northern Ireland);year=1931;context=http://www.legislation.gov.uk/id/apni/1931/20
Agriculture (Abolition of County Committees) Act (Northern Ireland);year=1972;context=http://www.legislation.gov.uk/id/apni/1972/15
Agriculture (Miscellaneous Provisions) Act (Northern Ireland);year=1959;context=http://www.legislation.gov.uk/id/apni/1959/2
Agriculture (Miscellaneous Provisions) Act (Northern Ireland);year=1965;context=http://www.legislation.gov.uk/id/apni/1965/3
Agriculture (Miscellaneous Provisions) Act (Northern Ireland);year=1967;context=http://www.legislation.gov.uk/id/apni/1967/15
Agriculture (Miscellaneous Provisions) Act (Northern Ireland);year=1970;context=http://www.legislation.gov.uk/id/apni/1970/20
Agriculture (Poisonous Substances) Act (Northern Ireland);year=1954;context=http://www.legislation.gov.uk/id/apni/1954/5
Agriculture (Temporary Assistance) (Amendment) Act (Northern Ireland);year=1957;context=http://www.legislation.gov.uk/id/apni/1957/3
Agriculture (Temporary Assistance) Act (Northern Ireland);year=1954;context=http://www.legislation.gov.uk/id/apni/1954/31
Agriculture Act (Northern Ireland);year=1949;context=http://www.legislation.gov.uk/id/apni/1949/2
Allotments Act (Northern Ireland);year=1932;context=http://www.legislation.gov.uk/id/apni/1932/17
Ardglass Dock and Harbour Act (Northern Ireland);year=1933;context=http://www.legislation.gov.uk/id/apni/1933/14
Attempted Rape, etc., Act (Northern Ireland);year=1960;context=http://www.legislation.gov.uk/id/apni/1960/3
Belfast County Borough Administration Act (Northern Ireland);year=1945;context=http://www.legislation.gov.uk/id/apni/1945/8
Business Tenancies Act (Northern Ireland);year=1964;context=http://www.legislation.gov.uk/id/apni/1964/36
Caravans Act (Northern Ireland);year=1963;context=http://www.legislation.gov.uk/id/apni/1963/17
Census Act (Northern Ireland);year=1969;context=http://www.legislation.gov.uk/id/apni/1969/8
Charitable Trusts (Validation) Act (Northern Ireland);year=1954;context=http://www.legislation.gov.uk/id/apni/1954/27
Charities Act (Northern Ireland);year=1964;context=http://www.legislation.gov.uk/id/apni/1964/33
Children and Young Persons Act (Northern Ireland);year=1950;context=http://www.legislation.gov.uk/id/apni/1950/5
Children and Young Persons Act (Northern Ireland);year=1968;context=http://www.legislation.gov.uk/id/apni/1968/34
Church Temporalities Fund Act (Northern Ireland);year=1922;context=http://www.legislation.gov.uk/id/apni/1922/13
Civil Evidence Act (Northern Ireland);year=1971;context=http://www.legislation.gov.uk/id/apni/1971/36
Civil Pensions Act (Northern Ireland);year=1925;context=http://www.legislation.gov.uk/id/apni/1925/2
Common Informers Act (Northern Ireland);year=1954;context=http://www.legislation.gov.uk/id/apni/1954/11
Companies Act (Northern Ireland);year=1960;context=http://www.legislation.gov.uk/id/apni/1960/22
Consolidated Fund (Miscellaneous Provisions) Act (Northern Ireland);year=1955;context=http://www.legislation.gov.uk/id/apni/1955/6
Control of Greyhounds etc. Act (Northern Ireland);year=1950;context=http://www.legislation.gov.uk/id/apni/1950/13
Coroners Act (Northern Ireland);year=1959;context=http://www.legislation.gov.uk/id/apni/1959/15
Costs in Criminal Cases Act (Northern Ireland);year=1968;context=http://www.legislation.gov.uk/id/apni/1968/10
County Courts Act (Northern Ireland);year=1959;context=http://www.legislation.gov.uk/id/apni/1959/25
Criminal Evidence Act (Northern Ireland);year=1923;context=http://www.legislation.gov.uk/id/apni/1923/9
Criminal Justice (Miscellaneous Provisions) Act (Northern Ireland);year=1968;context=http://www.legislation.gov.uk/id/apni/1968/28
Criminal Justice Act (Northern Ireland);year=1933;context=http://www.legislation.gov.uk/id/apni/1933/31
Criminal Justice Act (Northern Ireland);year=1945;context=http://www.legislation.gov.uk/id/apni/1945/15
Criminal Justice Act (Northern Ireland);year=1953;context=http://www.legislation.gov.uk/id/apni/1953/14
Criminal Justice Act (Northern Ireland);year=1966;context=http://www.legislation.gov.uk/id/apni/1966/20
Criminal Law Act (Northern Ireland);year=1967;context=http://www.legislation.gov.uk/id/apni/1967/18
Criminal Law Amendment Act (Northern Ireland);year=1923;context=http://www.legislation.gov.uk/id/apni/1923/8
Criminal Law and Prevention of Crime (Amendment) Act (Northern Ireland);year=1930;context=http://www.legislation.gov.uk/id/apni/1930/3
Criminal Procedure (Majority Verdicts) Act (Northern Ireland);year=1971;context=http://www.legislation.gov.uk/id/apni/1971/37
Deceased Brother's Widow's Marriage Act (Northern Ireland);year=1924;context=http://www.legislation.gov.uk/id/apni/1924/22
Defamation Act (Northern Ireland);year=1955;context=http://www.legislation.gov.uk/id/apni/1955/11
Destructive Imported Animals Act (Northern Ireland);year=1933;context=http://www.legislation.gov.uk/id/apni/1933/5
Development Loans (Agriculture and Fisheries) Act (Northern Ireland);year=1968;context=http://www.legislation.gov.uk/id/apni/1968/21
Development Services Act (Northern Ireland);year=1948;context=http://www.legislation.gov.uk/id/apni/1948/25
Disabled Persons (Employment) Act (Northern Ireland);year=1945;context=http://www.legislation.gov.uk/id/apni/1945/6
Diseases of Fish Act (Northern Ireland);year=1967;context=http://www.legislation.gov.uk/id/apni/1967/7
Double Taxation Relief Act (Northern Ireland);year=1923;context=http://www.legislation.gov.uk/id/apni/1923/14
Education (Amendment) Act (Northern Ireland);year=1956;context=http://www.legislation.gov.uk/id/apni/1956/24
Education Act (Northern Ireland);year=1930;context=http://www.legislation.gov.uk/id/apni/1930/14
Education Act (Northern Ireland);year=1947;context=http://www.legislation.gov.uk/id/apni/1947/3
Educational Endowments (Confirmation of Schemes) Act (Northern Ireland);year=1956;context=http://www.legislation.gov.uk/id/apni/1956/15
Electoral Law Act (Northern Ireland);year=1962;context=http://www.legislation.gov.uk/id/apni/1962/14
Electoral Law Act (Northern Ireland);year=1968;context=http://www.legislation.gov.uk/id/apni/1968/20
Electoral Law Act (Northern Ireland);year=1969;context=http://www.legislation.gov.uk/id/apni/1969/26
Electoral Law Act (Northern Ireland);year=1971;context=http://www.legislation.gov.uk/id/apni/1971/4
Employment and Training Act (Northern Ireland);year=1950;context=http://www.legislation.gov.uk/id/apni/1950/29
Equal Pay Act (Northern Ireland);year=1970;context=http://www.legislation.gov.uk/id/apni/1970/32
Evidence Act (Northern Ireland);year=1939;context=http://www.legislation.gov.uk/id/apni/1939/12
Evidence of Alibi Act (Northern Ireland);year=1972;context=http://www.legislation.gov.uk/id/apni/1972/6
Exchequer and Audit Act (Northern Ireland);year=1921;context=http://www.legislation.gov.uk/id/apni/1921/2
Exchequer and Financial Provisions Act (Northern Ireland);year=1950;context=http://www.legislation.gov.uk/id/apni/1950/3
Explosives Act (Northern Ireland);year=1924;context=http://www.legislation.gov.uk/id/apni/1924/5
Explosives Act (Northern Ireland);year=1970;context=http://www.legislation.gov.uk/id/apni/1970/10
Exported Animals (Compensation) Act (Northern Ireland);year=1952;context=http://www.legislation.gov.uk/id/apni/1952/24
Factories Act (Northern Ireland);year=1965;context=http://www.legislation.gov.uk/id/apni/1965/20
Family Allowances and National Insurance Act (Northern Ireland);year=1968;context=http://www.legislation.gov.uk/id/apni/1968/1
Family Provision Act (Northern Ireland);year=1969;context=http://www.legislation.gov.uk/id/apni/1969/38
Finance (Miscellaneous Provisions) Act (Northern Ireland);year=1954;context=http://www.legislation.gov.uk/id/apni/1954/3
Finance (Miscellaneous Provisions) Act (Northern Ireland);year=1955;context=http://www.legislation.gov.uk/id/apni/1955/19
Finance (No. 2) Act (Northern Ireland);year=1928;context=http://www.legislation.gov.uk/id/apni/1928/29
Finance (No. 2) Act (Northern Ireland);year=1950;context=http://www.legislation.gov.uk/id/apni/1950/32
Finance Act (Northern Ireland);year=1922;context=http://www.legislation.gov.uk/id/apni/1922/18
Finance Act (Northern Ireland);year=1923;context=http://www.legislation.gov.uk/id/apni/1923/26
Finance Act (Northern Ireland);year=1928;context=http://www.legislation.gov.uk/id/apni/1928/9
Finance Act (Northern Ireland);year=1931;context=http://www.legislation.gov.uk/id/apni/1931/24
Finance Act (Northern Ireland);year=1933;context=http://www.legislation.gov.uk/id/apni/1933/28
Finance Act (Northern Ireland);year=1936;context=http://www.legislation.gov.uk/id/apni/1936/33
Finance Act (Northern Ireland);year=1944;context=http://www.legislation.gov.uk/id/apni/1944/22
Finance Act (Northern Ireland);year=1948;context=http://www.legislation.gov.uk/id/apni/1948/15
Finance Act (Northern Ireland);year=1949;context=http://www.legislation.gov.uk/id/apni/1949/15
Finance Act (Northern Ireland);year=1952;context=http://www.legislation.gov.uk/id/apni/1952/13
Finance Act (Northern Ireland);year=1954;context=http://www.legislation.gov.uk/id/apni/1954/23
Finance Act (Northern Ireland);year=1957;context=http://www.legislation.gov.uk/id/apni/1957/15
Finance Act (Northern Ireland);year=1958;context=http://www.legislation.gov.uk/id/apni/1958/14
Finance Act (Northern Ireland);year=1959;context=http://www.legislation.gov.uk/id/apni/1959/9
Finance Act (Northern Ireland);year=1961;context=http://www.legislation.gov.uk/id/apni/1961/10
Finance Act (Northern Ireland);year=1962;context=http://www.legislation.gov.uk/id/apni/1962/17
Finance Act (Northern Ireland);year=1963;context=http://www.legislation.gov.uk/id/apni/1963/22
Finance Act (Northern Ireland);year=1964;context=http://www.legislation.gov.uk/id/apni/1964/24
Finance Act (Northern Ireland);year=1965;context=http://www.legislation.gov.uk/id/apni/1965/16
Finance Act (Northern Ireland);year=1966;context=http://www.legislation.gov.uk/id/apni/1966/21
Finance Act (Northern Ireland);year=1967;context=http://www.legislation.gov.uk/id/apni/1967/20
Finance Act (Northern Ireland);year=1968;context=http://www.legislation.gov.uk/id/apni/1968/17
Finance Act (Northern Ireland);year=1970;context=http://www.legislation.gov.uk/id/apni/1970/21
Finance Act (Northern Ireland);year=1971;context=http://www.legislation.gov.uk/id/apni/1971/27
Financial Provisions Act (Northern Ireland);year=1968;context=http://www.legislation.gov.uk/id/apni/1968/25
Financial Provisions Act (Northern Ireland);year=1971;context=http://www.legislation.gov.uk/id/apni/1971/6
Fish Industry Act (Northern Ireland);year=1972;context=http://www.legislation.gov.uk/id/apni/1972/4
Fisheries (Amendment) Act (Northern Ireland);year=1968;context=http://www.legislation.gov.uk/id/apni/1968/31
Fisheries Act (Northern Ireland);year=1966;context=http://www.legislation.gov.uk/id/apni/1966/17
Fishing Vessels (Grants) Act (Northern Ireland);year=1967;context=http://www.legislation.gov.uk/id/apni/1967/8
Forestry Act (Northern Ireland);year=1953;context=http://www.legislation.gov.uk/id/apni/1953/2
Foyle Fisheries (Amendment) Act (Northern Ireland);year=1962;context=http://www.legislation.gov.uk/id/apni/1962/5
Foyle Fisheries Act (Northern Ireland);year=1952;context=http://www.legislation.gov.uk/id/apni/1952/5
Friendly Societies Act (Northern Ireland);year=1957;context=http://www.legislation.gov.uk/id/apni/1957/1
Frustrated Contracts Act (Northern Ireland);year=1947;context=http://www.legislation.gov.uk/id/apni/1947/2
Game Law Amendment Act (Northern Ireland);year=1951;context=http://www.legislation.gov.uk/id/apni/1951/4
Game Preservation Act (Northern Ireland);year=1928;context=http://www.legislation.gov.uk/id/apni/1928/25
General Dealers (Amendment) Act (Northern Ireland);year=1954;context=http://www.legislation.gov.uk/id/apni/1954/4
Government Property (Amendment) Act (Northern Ireland);year=1955;context=http://www.legislation.gov.uk/id/apni/1955/2
Grand Jury (Abolition) Act (Northern Ireland);year=1969;context=http://www.legislation.gov.uk/id/apni/1969/15
Hairdressers Act (Northern Ireland);year=1939;context=http://www.legislation.gov.uk/id/apni/1939/3
Harbours Act (Northern Ireland);year=1970;context=http://www.legislation.gov.uk/id/apni/1970/1
Hire-Purchase Act (Northern Ireland);year=1966;context=http://www.legislation.gov.uk/id/apni/1966/42
Horticultural Produce (Sales on Commission) Act (Northern Ireland);year=1927;context=http://www.legislation.gov.uk/id/apni/1927/6
Horticulture Act (Northern Ireland);year=1966;context=http://www.legislation.gov.uk/id/apni/1966/15
Hotel Proprietors Act (Northern Ireland);year=1958;context=http://www.legislation.gov.uk/id/apni/1958/32
House to House Charitable Collections Act (Northern Ireland);year=1952;context=http://www.legislation.gov.uk/id/apni/1952/6
Housing (Miscellaneous Provisions) Act (Northern Ireland);year=1964;context=http://www.legislation.gov.uk/id/apni/1964/26
Housing (Miscellaneous Provisions) and Rent Restriction Law (Amendment) Act (Northern Ireland);year=1956;context=http://www.legislation.gov.uk/id/apni/1956/10
Housing (No. 2) Act (Northern Ireland);year=1946;context=http://www.legislation.gov.uk/id/apni/1946/20
Housing Act (Northern Ireland);year=1951;context=http://www.legislation.gov.uk/id/apni/1951/13
Housing Act (Northern Ireland);year=1961;context=http://www.legislation.gov.uk/id/apni/1961/12
Housing Act (Northern Ireland);year=1963;context=http://www.legislation.gov.uk/id/apni/1963/26
Housing and Local Government (Miscellaneous Provisions) Act (Northern Ireland);year=1946;context=http://www.legislation.gov.uk/id/apni/1946/4
Housing on Farms Act (Northern Ireland);year=1972;context=http://www.legislation.gov.uk/id/apni/1972/3
Human Tissue Act (Northern Ireland) 1962 (repealed);year=1962;context=http://www.legislation.gov.uk/id/apni/1962/19
Inalienable Lands Act (Northern Ireland);year=1966;context=http://www.legislation.gov.uk/id/apni/1966/31
Increase of Fines Act (Northern Ireland);year=1967;context=http://www.legislation.gov.uk/id/apni/1967/29
Indecent Advertisements (Amendment) Act (Northern Ireland);year=1971;context=http://www.legislation.gov.uk/id/apni/1971/18
Indictments Act (Northern Ireland);year=1945;context=http://www.legislation.gov.uk/id/apni/1945/16
Industrial and Provident Societies Act (Northern Ireland);year=1969;context=http://www.legislation.gov.uk/id/apni/1969/24
Industrial Assurance and Friendly Societies Act (Northern Ireland);year=1948;context=http://www.legislation.gov.uk/id/apni/1948/22
Infanticide Act (Northern Ireland);year=1939;context=http://www.legislation.gov.uk/id/apni/1939/5
Inheritance (Family Provision) Act (Northern Ireland);year=1960;context=http://www.legislation.gov.uk/id/apni/1960/15
Inland Navigation Act (Northern Ireland);year=1954;context=http://www.legislation.gov.uk/id/apni/1954/1
Insurance Companies Act (Northern Ireland);year=1968;context=http://www.legislation.gov.uk/id/apni/1968/6
Interpretation Act (Northern Ireland);year=1954;context=http://www.legislation.gov.uk/id/apni/1954/33
Judicial Pensions Act (Northern Ireland);year=1951;context=http://www.legislation.gov.uk/id/apni/1951/20
King George VI Memorial Youth Council Act (Northern Ireland);year=1957;context=http://www.legislation.gov.uk/id/apni/1957/23
Land Development Values (Compensation) Act (Northern Ireland);year=1965;context=http://www.legislation.gov.uk/id/apni/1965/23
Land Law (Miscellaneous Provisions) Act (Northern Ireland);year=1932;context=http://www.legislation.gov.uk/id/apni/1932/16
Land Registration Act (Northern Ireland);year=1970;context=http://www.legislation.gov.uk/id/apni/1970/18
Landlord and Tenant (War Damage) Act (Northern Ireland);year=1941;context=http://www.legislation.gov.uk/id/apni/1941/9
Lands Tribunal and Compensation Act (Northern Ireland);year=1964;context=http://www.legislation.gov.uk/id/apni/1964/29
Law Reform (Husband and Wife) Act (Northern Ireland);year=1964;context=http://www.legislation.gov.uk/id/apni/1964/23
Law Reform (Miscellaneous Provisions) Act (Northern Ireland);year=1937;context=http://www.legislation.gov.uk/id/apni/1937/9
Law Reform (Miscellaneous Provisions) Act (Northern Ireland);year=1948;context=http://www.legislation.gov.uk/id/apni/1948/23
Leasehold (Enlargement and Extension) Act (Northern Ireland);year=1971;context=http://www.legislation.gov.uk/id/apni/1971/7
Legislative Procedure Act (Northern Ireland);year=1968;context=http://www.legislation.gov.uk/id/apni/1968/24
Legitimacy Act (Northern Ireland);year=1928;context=http://www.legislation.gov.uk/id/apni/1928/5
Legitimacy Act (Northern Ireland);year=1961;context=http://www.legislation.gov.uk/id/apni/1961/5
Liability for War Damage (Miscellaneous Provisions) Act (Northern Ireland);year=1939;context=http://www.legislation.gov.uk/id/apni/1939/36
Livestock Marketing Commission (Amendment) Act (Northern Ireland);year=1969;context=http://www.legislation.gov.uk/id/apni/1969/9
Livestock Marketing Commission Act (Northern Ireland);year=1967;context=http://www.legislation.gov.uk/id/apni/1967/21
Local Government (Superannuation) Act (Northern Ireland);year=1950;context=http://www.legislation.gov.uk/id/apni/1950/10
Local Government Act (Northern Ireland);year=1923;context=http://www.legislation.gov.uk/id/apni/1923/31
Local Government Act (Northern Ireland);year=1934;context=http://www.legislation.gov.uk/id/apni/1934/22
Local Government Act (Northern Ireland);year=1966;context=http://www.legislation.gov.uk/id/apni/1966/38
Local Government Act (Northern Ireland);year=1972;context=http://www.legislation.gov.uk/id/apni/1972/9
Local Government Boundaries Act (Northern Ireland);year=1971;context=http://www.legislation.gov.uk/id/apni/1971/9
Local Government Staffs (War Service) Act (Northern Ireland);year=1939;context=http://www.legislation.gov.uk/id/apni/1939/27
Lough Neagh and Lower Bann Drainage and Navigation Act (Northern Ireland);year=1955;context=http://www.legislation.gov.uk/id/apni/1955/15
Lough Neagh Drainage (Amendment) Act (Northern Ireland);year=1970;context=http://www.legislation.gov.uk/id/apni/1970/7
Magee University College Londonderry Act (Northern Ireland);year=1970;context=http://www.legislation.gov.uk/id/apni/1970/15
Magistrates' Courts Act (Northern Ireland);year=1964;context=http://www.legislation.gov.uk/id/apni/1964/21
Magistrates’ Courts Act (Northern Ireland);year=1964;context=http://www.legislation.gov.uk/id/apni/1964/21
Maintenance and Affiliation Orders Act (Northern Ireland);year=1966;context=http://www.legislation.gov.uk/id/apni/1966/35
Maintenance and Affiliation Orders Act (Northern Ireland);year=1970;context=http://www.legislation.gov.uk/id/apni/1970/16
Malone and Whiteabbey Training Schools Act (Northern Ireland);year=1968;context=http://www.legislation.gov.uk/id/apni/1968/7
Marketing of Eggs (Amendment) Act (Northern Ireland);year=1969;context=http://www.legislation.gov.uk/id/apni/1969/33
Marketing of Eggs Act (Northern Ireland);year=1957;context=http://www.legislation.gov.uk/id/apni/1957/27
Marketing of Potatoes Act (Northern Ireland);year=1964;context=http://www.legislation.gov.uk/id/apni/1964/8
Marriage (Declaration of Law) Act (Northern Ireland);year=1944;context=http://www.legislation.gov.uk/id/apni/1944/7
Married Women (Restraint Upon Anticipation) Act (Northern Ireland);year=1952;context=http://www.legislation.gov.uk/id/apni/1952/19
Matrimonial Causes (Reports) Act (Northern Ireland);year=1966;context=http://www.legislation.gov.uk/id/apni/1966/29
Matrimonial Causes Act (Northern Ireland);year=1939;context=http://www.legislation.gov.uk/id/apni/1939/13
Midwives and Nursing Homes Act (Northern Ireland);year=1929;context=http://www.legislation.gov.uk/id/apni/1929/6 (19 Geo. 5)
Mineral Development Act (Northern Ireland);year=1969;context=http://www.legislation.gov.uk/id/apni/1969/35
Minerals (Miscellaneous Provisions) Act (Northern Ireland);year=1959;context=http://www.legislation.gov.uk/id/apni/1959/17
Mines Act (Northern Ireland);year=1969;context=http://www.legislation.gov.uk/id/apni/1969/6
Ministries Act (Northern Ireland);year=1944;context=http://www.legislation.gov.uk/id/apni/1944/14
Miscellaneous Transferred Excise Duties Act (Northern Ireland);year=1972;context=http://www.legislation.gov.uk/id/apni/1972/11
Misrepresentation Act (Northern Ireland);year=1967;context=http://www.legislation.gov.uk/id/apni/1967/14
Mortmain (Repeals) Act (Northern Ireland);year=1960;context=http://www.legislation.gov.uk/id/apni/1960/20
Motor Vehicles and Road Traffic Act (Northern Ireland);year=1930;context=http://www.legislation.gov.uk/id/apni/1930/24
National Insurance (Industrial Injuries) Act (Northern Ireland);year=1966;context=http://www.legislation.gov.uk/id/apni/1966/9
National Insurance Act (Northern Ireland);year=1966;context=http://www.legislation.gov.uk/id/apni/1966/6
New Towns (Amendment) Act (Northern Ireland);year=1968;context=http://www.legislation.gov.uk/id/apni/1968/33
New Towns Act (Northern Ireland);year=1965;context=http://www.legislation.gov.uk/id/apni/1965/13
New Universities (Acquisition of Land) Act (Northern Ireland);year=1966;context=http://www.legislation.gov.uk/id/apni/1966/4
Occupiers' Liability Act (Northern Ireland);year=1957;context=http://www.legislation.gov.uk/id/apni/1957/25
Occupiers’ Liability Act (Northern Ireland);year=1957;context=http://www.legislation.gov.uk/id/apni/1957/25
Office and Shop Premises Act (Northern Ireland);year=1966;context=http://www.legislation.gov.uk/id/apni/1966/26
Pensions (Increase) Act (Northern Ireland);year=1971;context=http://www.legislation.gov.uk/id/apni/1971/35
Perpetuities Act (Northern Ireland);year=1966;context=http://www.legislation.gov.uk/id/apni/1966/2
Petroleum (Consolidation) Act (Northern Ireland);year=1929;context=http://www.legislation.gov.uk/id/apni/1929/13
Petroleum (Production) Act (Northern Ireland);year=1964;context=http://www.legislation.gov.uk/id/apni/1964/28
Petroleum (Transfer of Licences) Act (Northern Ireland);year=1937;context=http://www.legislation.gov.uk/id/apni/1937/4
Pig Production Development Act (Northern Ireland);year=1964;context=http://www.legislation.gov.uk/id/apni/1964/25
Planning and Land Compensation Act (Northern Ireland);year=1971;context=http://www.legislation.gov.uk/id/apni/1971/23
Plant Health Act (Northern Ireland);year=1967;context=http://www.legislation.gov.uk/id/apni/1967/28
Poultry Improvement Act (Northern Ireland);year=1968;context=http://www.legislation.gov.uk/id/apni/1968/12
Powers of Attorney Act (Northern Ireland);year=1971;context=http://www.legislation.gov.uk/id/apni/1971/33
Printed Documents Act (Northern Ireland);year=1970;context=http://www.legislation.gov.uk/id/apni/1970/30
Prison Act (Northern Ireland);year=1953;context=http://www.legislation.gov.uk/id/apni/1953/18
Protection of the Person and Property Act (Northern Ireland);year=1969;context=http://www.legislation.gov.uk/id/apni/1969/29
Public Expenditure and Receipts Act (Northern Ireland);year=1968;context=http://www.legislation.gov.uk/id/apni/1968/8
Public Health Act (Northern Ireland);year=1967;context=http://www.legislation.gov.uk/id/apni/1967/36
Public Health and Local Government (Miscellaneous Provisions) Act (Northern Ireland);year=1949;context=http://www.legislation.gov.uk/id/apni/1949/21
Public Health and Local Government (Miscellaneous Provisions) Act (Northern Ireland);year=1955;context=http://www.legislation.gov.uk/id/apni/1955/13
Public Health and Local Government (Miscellaneous Provisions) Act (Northern Ireland);year=1962;context=http://www.legislation.gov.uk/id/apni/1962/12
Public Order (Amendment) Act (Northern Ireland);year=1970;context=http://www.legislation.gov.uk/id/apni/1970/4
Public Records Act (Northern Ireland);year=1923;context=http://www.legislation.gov.uk/id/apni/1923/20
Public Utilities (Emergency Powers) Act (Northern Ireland);year=1972;context=http://www.legislation.gov.uk/id/apni/1972/2
Queen's University of Belfast Act (Northern Ireland);year=1928;context=http://www.legislation.gov.uk/id/apni/1928/21
Railway and Canal Traffic (Amendment) Act (Northern Ireland);year=1930;context=http://www.legislation.gov.uk/id/apni/1930/10
Railways (Road Vehicles) Act (Northern Ireland);year=1927;context=http://www.legislation.gov.uk/id/apni/1927/9
Railways Act (Northern Ireland);year=1934;context=http://www.legislation.gov.uk/id/apni/1934/5
Recorded Delivery Service Act (Northern Ireland);year=1963;context=http://www.legislation.gov.uk/id/apni/1963/5
Recreational Charities Act (Northern Ireland);year=1958;context=http://www.legislation.gov.uk/id/apni/1958/16
Registration of Deeds Act (Northern Ireland);year=1970;context=http://www.legislation.gov.uk/id/apni/1970/25
Repeal of Unnecessary Laws Act (Northern Ireland);year=1953;context=http://www.legislation.gov.uk/id/apni/1953/5
Resettlement Services Act (Northern Ireland);year=1971;context=http://www.legislation.gov.uk/id/apni/1971/10
Resident Magistrates' Pensions Act (Northern Ireland);year=1960;context=http://www.legislation.gov.uk/id/apni/1960/2
Resident Magistrates’ Pensions Act (Northern Ireland);year=1960;context=http://www.legislation.gov.uk/id/apni/1960/2
Rights of Light Act (Northern Ireland);year=1961;context=http://www.legislation.gov.uk/id/apni/1961/18
Roads Act (Northern Ireland);year=1948;context=http://www.legislation.gov.uk/id/apni/1948/28
Rules Publication Act (Northern Ireland);year=1925;context=http://www.legislation.gov.uk/id/apni/1925/6
School Sites Act (Northern Ireland);year=1928;context=http://www.legislation.gov.uk/id/apni/1928/8
Seeds Act (Northern Ireland);year=1965;context=http://www.legislation.gov.uk/id/apni/1965/22
Slaughter of Animals Act (Northern Ireland);year=1932;context=http://www.legislation.gov.uk/id/apni/1932/9
Slaughter-Houses Act (Northern Ireland);year=1953;context=http://www.legislation.gov.uk/id/apni/1953/21
Social Services (Parity) Act (Northern Ireland);year=1971;context=http://www.legislation.gov.uk/id/apni/1971/21
Statute Law Revision Act (Northern Ireland);year=1952;context=http://www.legislation.gov.uk/id/apni/1952/1
Statute Law Revision Act (Northern Ireland);year=1953;context=http://www.legislation.gov.uk/id/apni/1953/1
Statute Law Revision Act (Northern Ireland);year=1954;context=http://www.legislation.gov.uk/id/apni/1954/35
Stock Transfer Act (Northern Ireland);year=1963;context=http://www.legislation.gov.uk/id/apni/1963/24
Stormont Regulation and Government Property Act (Northern Ireland);year=1933;context=http://www.legislation.gov.uk/id/apni/1933/6
Street Trading (Regulation) Act (Northern Ireland);year=1929;context=http://www.legislation.gov.uk/id/apni/1929/9
Summary Jurisdiction Act (Northern Ireland);year=1953;context=http://www.legislation.gov.uk/id/apni/1953/3
Summary Jurisdiction and Criminal Justice Act (Northern Ireland);year=1935;context=http://www.legislation.gov.uk/id/apni/1935/13
Summary Jurisdiction and Criminal Justice Act (Northern Ireland);year=1958;context=http://www.legislation.gov.uk/id/apni/1958/9
Superannuation (Amendment) Act (Northern Ireland);year=1966;context=http://www.legislation.gov.uk/id/apni/1966/27
Superannuation (Miscellaneous Provisions) Act (Northern Ireland);year=1951;context=http://www.legislation.gov.uk/id/apni/1951/28
Superannuation (Miscellaneous Provisions) Act (Northern Ireland);year=1969;context=http://www.legislation.gov.uk/id/apni/1969/7
Superannuation Act (Northern Ireland);year=1967;context=http://www.legislation.gov.uk/id/apni/1967/24
Superannuation and Other Trust Funds (Validation) Act (Northern Ireland);year=1928;context=http://www.legislation.gov.uk/id/apni/1928/6
Superannuation Schemes (War Service) Act (Northern Ireland);year=1941;context=http://www.legislation.gov.uk/id/apni/1941/6
The Queen's University of Belfast (Trusts) Act (Northern Ireland);year=1952;context=http://www.legislation.gov.uk/id/apni/1952/22
Theft Act (Northern Ireland);year=1969;context=http://www.legislation.gov.uk/id/apni/1969/16
Third Parties (Rights Against Insurers) Act (Northern Ireland);year=1930;context=http://www.legislation.gov.uk/id/apni/1930/19
Time Act (Northern Ireland);year=1924;context=http://www.legislation.gov.uk/id/apni/1924/24
Tithe Rentcharge and Variable Rents Act (Northern Ireland);year=1930;context=http://www.legislation.gov.uk/id/apni/1930/22
Trading Representations (Disabled Persons) Act (Northern Ireland);year=1958;context=http://www.legislation.gov.uk/id/apni/1958/24
Trading Stamps Act (Northern Ireland);year=1965;context=http://www.legislation.gov.uk/id/apni/1965/6
Transport (Amendment) Act (Northern Ireland);year=1971;context=http://www.legislation.gov.uk/id/apni/1971/14
Transport Act (Northern Ireland);year=1967;context=http://www.legislation.gov.uk/id/apni/1967/37
Treatment of Offenders Act (Northern Ireland);year=1968;context=http://www.legislation.gov.uk/id/apni/1968/29
Trustee Act (Northern Ireland);year=1958;context=http://www.legislation.gov.uk/id/apni/1958/23
Uniformity of Laws Act (Northern Ireland);year=1922;context=http://www.legislation.gov.uk/id/apni/1922/20
Valuation Acts Amendment Act (Northern Ireland);year=1932;context=http://www.legislation.gov.uk/id/apni/1932/26
Vaughan's Charity (Administration) Act (Northern Ireland);year=1954;context=http://www.legislation.gov.uk/id/apni/1954/28
Water Supplies and Sewerage Act (Northern Ireland);year=1945;context=http://www.legislation.gov.uk/id/apni/1945/17
Weights and Measures Act (Northern Ireland);year=1967;context=http://www.legislation.gov.uk/id/apni/1967/6
Welfare of Animals Act (Northern Ireland);year=1972;context=http://www.legislation.gov.uk/id/apni/1972/7
Welfare Services Act (Northern Ireland);year=1971;context=http://www.legislation.gov.uk/id/apni/1971/2
