Deddf Cynulliad Cenedlaethol Cymru (Ieithoedd Swyddogol);year=2012;context=http://www.legislation.gov.uk/id/anaw/2012/1
National Assembly for Wales (Official Languages) Act;year=2012;context=http://www.legislation.gov.uk/id/anaw/2012/1
Deddf Is-ddeddfau Llywodraeth Leol (Cymru);year=2012;context=http://www.legislation.gov.uk/id/anaw/2012/2
Local Government Byelaws (Wales) Act;year=2012;context=http://www.legislation.gov.uk/id/anaw/2012/2
Deddf Safonau a Threfniadaeth Ysgolion (Cymru);year=2013;context=http://www.legislation.gov.uk/id/anaw/2013/1
School Standards and Organisation (Wales) Act;year=2013;context=http://www.legislation.gov.uk/id/anaw/2013/1
Deddf Sgorio Hylendid Bwyd (Cymru);year=2013;context=http://www.legislation.gov.uk/id/anaw/2013/2
Food Hygiene Rating (Wales) Act;year=2013;context=http://www.legislation.gov.uk/id/anaw/2013/2
Deddf Archwilio Cyhoeddus (Cymru);year=2013;context=http://www.legislation.gov.uk/id/anaw/2013/3
Public Audit (Wales) Act;year=2013;context=http://www.legislation.gov.uk/id/anaw/2013/3
Deddf Llywodraeth Leol (Democratiaeth) (Cymru);year=2013;context=http://www.legislation.gov.uk/id/anaw/2013/4
Local Government (Democracy) (Wales) Act;year=2013;context=http://www.legislation.gov.uk/id/anaw/2013/4
Deddf Trawsblannu Dynol (Cymru);year=2013;context=http://www.legislation.gov.uk/id/anaw/2013/5
Human Transplantation (Wales) Act;year=2013;context=http://www.legislation.gov.uk/id/anaw/2013/5
Deddf Cartrefi Symudol (Cymru);year=2013;context=http://www.legislation.gov.uk/id/anaw/2013/6
Mobile Homes (Wales) Act;year=2013;context=http://www.legislation.gov.uk/id/anaw/2013/6
Active Travel (Wales) Act;year=2013;context=http://www.legislation.gov.uk/id/anaw/2013/7
Deddf Teithio Llesol (Cymru);year=2013;context=http://www.legislation.gov.uk/id/anaw/2013/7
Deddf Addysg Bellach ac Uwch (Llywodraethu a Gwybodaeth) (Cymru);year=2014;context=http://www.legislation.gov.uk/id/anaw/2014/1
Further and Higher Education (Governance and Information) (Wales) Act;year=2014;context=http://www.legislation.gov.uk/id/anaw/2014/1
Deddf Cyllid y Gwasanaeth Iechyd Gwladol (Cymru);year=2014;context=http://www.legislation.gov.uk/id/anaw/2014/2
National Health Service Finance (Wales) Act;year=2014;context=http://www.legislation.gov.uk/id/anaw/2014/2
Control of Horses (Wales) Act;year=2014;context=http://www.legislation.gov.uk/id/anaw/2014/3
Deddf Rheoli Ceffylau (Cymru);year=2014;context=http://www.legislation.gov.uk/id/anaw/2014/3
Deddf Gwasanaethau Cymdeithasol a Llesiant (Cymru);year=2014;context=http://www.legislation.gov.uk/id/anaw/2014/4
Social Services and Well-being (Wales) Act;year=2014;context=http://www.legislation.gov.uk/id/anaw/2014/4
Bil Addysg (Cymru);year=2014;context=http://www.legislation.gov.uk/id/anaw/2014/5
Education (Wales) Act;year=2014;context=http://www.legislation.gov.uk/id/anaw/2014/5
Agricultural Sector (Wales) Act;year=2014;context=http://www.legislation.gov.uk/id/anaw/2014/6
Deddf Sector Amaethyddol (Cymru);year=2014;context=http://www.legislation.gov.uk/id/anaw/2014/6
Deddf Tai (Cymru);year=2014;context=http://www.legislation.gov.uk/id/anaw/2014/7
Housing (Wales) Act;year=2014;context=http://www.legislation.gov.uk/id/anaw/2014/7
Deddf Addysg Uwch (Cymru);year=2015;context=http://www.legislation.gov.uk/id/anaw/2015/1
Higher Education (Wales) Act;year=2015;context=http://www.legislation.gov.uk/id/anaw/2015/1
Deddf Llesiant Cenedlaethau’r Dyfodol (Cymru);year=2015;context=http://www.legislation.gov.uk/id/anaw/2015/2
Well-being of Future Generations (Wales) Act;year=2015;context=http://www.legislation.gov.uk/id/anaw/2015/2
Deddf Trais yn erbyn Menywod, Cam-drin Domestig a Thrais Rhywiol (Cymru);year=2015;context=http://www.legislation.gov.uk/id/anaw/2015/3
Violence against Women, Domestic Abuse and Sexual Violence (Wales) Act;year=2015;context=http://www.legislation.gov.uk/id/anaw/2015/3
Deddf Cynllunio (Cymru);year=2015;context=http://www.legislation.gov.uk/id/anaw/2015/4
Planning (Wales) Act;year=2015;context=http://www.legislation.gov.uk/id/anaw/2015/4
Deddf Cymwysterau Cymru;year=2015;context=http://www.legislation.gov.uk/id/anaw/2015/5
Qualifications Wales Act;year=2015;context=http://www.legislation.gov.uk/id/anaw/2015/5
Deddf Llywodraeth Leol (Cymru);year=2015;context=http://www.legislation.gov.uk/id/anaw/2015/6
Local Government (Wales) Act;year=2015;context=http://www.legislation.gov.uk/id/anaw/2015/6
Deddf Rhentu Cartrefi (Cymru);year=2016;context=http://www.legislation.gov.uk/id/anaw/2016/1
Renting Homes (Wales) Act;year=2016;context=http://www.legislation.gov.uk/id/anaw/2016/1
Deddf Rheoleiddio ac Arolygu Gofal Cymdeithasol (Cymru);year=2016;context=http://www.legislation.gov.uk/id/anaw/2016/2
Regulation and Inspection of Social Care (Wales) Act;year=2016;context=http://www.legislation.gov.uk/id/anaw/2016/2
Deddf yr Amgylchedd (Cymru);year=2016;context=http://www.legislation.gov.uk/id/anaw/2016/3
Environment (Wales) Act;year=2016;context=http://www.legislation.gov.uk/id/anaw/2016/3
Deddf yr Amgylchedd Hanesyddol (Cymru);year=2016;context=http://www.legislation.gov.uk/id/anaw/2016/4
Historic Environment (Wales) Act;year=2016;context=http://www.legislation.gov.uk/id/anaw/2016/4
Deddf Lefelau Staff Nyrsio (Cymru);year=2016;context=http://www.legislation.gov.uk/id/anaw/2016/5
Nurse Staffing Levels (Wales) Act;year=2016;context=http://www.legislation.gov.uk/id/anaw/2016/5
Deddf Casglu a Rheoli Trethi (Cymru);year=2016;context=http://www.legislation.gov.uk/id/anaw/2016/6
Tax Collection and Management (Wales) Act;year=2016;context=http://www.legislation.gov.uk/id/anaw/2016/6
