Carers Strategies (Wales) Measure;year=2010;context=http://www.legislation.gov.uk/id/mwa/2010/5
Children and Families (Wales) Measure;year=2010;context=http://www.legislation.gov.uk/id/mwa/2010/1
Domestic Fire Safety (Wales) Measure;year=2011;context=http://www.legislation.gov.uk/id/mwa/2011/3
Education (Wales) Measure;year=2011;context=http://www.legislation.gov.uk/id/mwa/2011/7
Healthy Eating in Schools (Wales) Measure;year=2009;context=http://www.legislation.gov.uk/id/mwa/2009/3
Housing (Wales) Measure;year=2011;context=http://www.legislation.gov.uk/id/mwa/2011/5
Learner Travel (Wales) Measure;year=2008;context=http://www.legislation.gov.uk/id/mwa/2008/2
Learning and Skills (Wales) Measure;year=2009;context=http://www.legislation.gov.uk/id/mwa/2009/1
Local Government (Wales) Measure;year=2011;context=http://www.legislation.gov.uk/id/mwa/2011/4
Mental Health (Wales) Measure;year=2010;context=http://www.legislation.gov.uk/id/mwa/2010/7
Mixed Language Correction;year=2009;context=http://www.legislation.gov.uk/mwa/2009/5/pdfs/mwacs_20090005_mi.pdf
NHS Redress (Wales) Measure;year=2008;context=http://www.legislation.gov.uk/id/mwa/2008/1
National Assembly for Wales (Remuneration) Measure;year=2010;context=http://www.legislation.gov.uk/id/mwa/2010/4
National Assembly for Wales Commissioner for Standards Measure;year=2009;context=http://www.legislation.gov.uk/id/mwa/2009/4
Playing Fields (Community Involvement in Disposal Decisions) (Wales) Measure;year=2010;context=http://www.legislation.gov.uk/id/mwa/2010/6
Red Meat Industry (Wales) Measure;year=2010;context=http://www.legislation.gov.uk/id/mwa/2010/3
Rights of Children and Young Persons (Wales) Measure;year=2011;context=http://www.legislation.gov.uk/id/mwa/2011/2
Safety on Learner Transport (Wales) Measure;year=2011;context=http://www.legislation.gov.uk/id/mwa/2011/6
Waste (Wales) Measure;year=2010;context=http://www.legislation.gov.uk/id/mwa/2010/8
Welsh Language (Wales) Measure;year=2011;context=http://www.legislation.gov.uk/id/mwa/2011/1
