Adoption (Intercountry Aspects) Act (Northern Ireland);year=2001;context=http://www.legislation.gov.uk/id/nia/2001/11
Allowances to Members of the Assembly Act (Northern Ireland);year=2000;context=http://www.legislation.gov.uk/id/nia/2000/3
Appropriation Act;context=http://www.legislation.gov.uk/id/nia/2000/2
Assembly Members (Independent Financial Review and Standards) Act (Northern Ireland);year=2011;context=http://www.legislation.gov.uk/id/nia/2011/17
Autism Act (Northern Ireland);year=2011;context=http://www.legislation.gov.uk/id/nia/2011/27
Budget (No. 2) Act (Northern Ireland);context=http://www.legislation.gov.uk/id/nia/2001/16
Budget (No. 2) Act (Northern Ireland);year=2002;context=http://www.legislation.gov.uk/id/nia/2002/7
Budget (No. 2) Act (Northern Ireland);year=2008;context=http://www.legislation.gov.uk/id/nia/2008/11
Budget (No. 2) Act (Northern Ireland);year=2009;context=http://www.legislation.gov.uk/id/nia/2009/7
Budget (No. 2) Act (Northern Ireland);year=2010;context=http://www.legislation.gov.uk/id/nia/2010/8
Budget (No. 2) Act (Northern Ireland);year=2011;context=http://www.legislation.gov.uk/id/nia/2011/29
Budget Act (Northern Ireland);year=2001;context=http://www.legislation.gov.uk/id/nia/2001/7
Budget Act (Northern Ireland);year=2002;context=http://www.legislation.gov.uk/id/nia/2002/3
Budget Act (Northern Ireland);year=2007;context=http://www.legislation.gov.uk/id/nia/2007/1
Budget Act (Northern Ireland);year=2008;context=http://www.legislation.gov.uk/id/nia/2008/3
Budget Act (Northern Ireland);year=2009;context=http://www.legislation.gov.uk/id/nia/2009/5
Budget Act (Northern Ireland);year=2010;context=http://www.legislation.gov.uk/id/nia/2010/6
Budget Act (Northern Ireland);year=2011;context=http://www.legislation.gov.uk/id/nia/2011/14
Building Regulations (Amendment) Act (Northern Ireland);year=2009;context=http://www.legislation.gov.uk/id/nia/2009/4
Caravans Act (Northern Ireland);year=2011;context=http://www.legislation.gov.uk/id/nia/2011/12
Carers and Direct Payments Act (Northern Ireland);year=2002;context=http://www.legislation.gov.uk/id/nia/2002/6
Charities Act (Northern Ireland);year=2008;context=http://www.legislation.gov.uk/id/nia/2008/12
Child Maintenance Act (Northern Ireland);year=2008;context=http://www.legislation.gov.uk/id/nia/2008/10
Child Support, Pensions and Social Security Act (Northern Ireland);year=2000;context=http://www.legislation.gov.uk/id/nia/2000/4
Children (Emergency Protection Orders) Act (Northern Ireland);year=2007;context=http://www.legislation.gov.uk/id/nia/2007/3
Children (Leaving Care) Act (Northern Ireland);year=2002;context=http://www.legislation.gov.uk/id/nia/2002/11
Civil Registration Act (Northern Ireland);year=2011;context=http://www.legislation.gov.uk/id/nia/2011/20
Clean Neighbourhoods and Environment Act (Northern Ireland);year=2011;context=http://www.legislation.gov.uk/id/nia/2011/23
Commission for Victims and Survivors Act (Northern Ireland);year=2008;context=http://www.legislation.gov.uk/id/nia/2008/6
Damages (Asbestos-related Conditions) Act (Northern Ireland);year=2011;context=http://www.legislation.gov.uk/id/nia/2011/28
Defective Premises (Landlord's Liability) Act (Northern Ireland);year=2001;context=http://www.legislation.gov.uk/id/nia/2001/10
Department for Employment and Learning Act (Northern Ireland);year=2001;context=http://www.legislation.gov.uk/id/nia/2001/15
Department of Justice Act (Northern Ireland);year=2010;context=http://www.legislation.gov.uk/id/nia/2010/3
Diseases of Animals Act (Northern Ireland);year=2010;context=http://www.legislation.gov.uk/id/nia/2010/1
Dogs (Amendment) Act (Northern Ireland);year=2001;context=http://www.legislation.gov.uk/id/nia/2001/1
Electronic Communications Act (Northern Ireland);year=2001;context=http://www.legislation.gov.uk/id/nia/2001/9
Employment Act (Northern Ireland);year=2011;context=http://www.legislation.gov.uk/id/nia/2011/13
Family Law Act (Northern Ireland);year=2001;context=http://www.legislation.gov.uk/id/nia/2001/12
Financial Assistance Act (Northern Ireland);year=2009;context=http://www.legislation.gov.uk/id/nia/2009/2
Financial Assistance for Political Parties Act (Northern Ireland);year=2000;context=http://www.legislation.gov.uk/id/nia/2000/1
Financial Provisions Act (Northern Ireland);year=2009;context=http://www.legislation.gov.uk/id/nia/2009/9
Fisheries (Amendment) Act (Northern Ireland);year=2001;context=http://www.legislation.gov.uk/id/nia/2001/4
Game Preservation (Amendment) Act (Northern Ireland);year=2002;context=http://www.legislation.gov.uk/id/nia/2002/2
Goods Vehicles (Licensing of Operators) Act (Northern Ireland);year=2010;context=http://www.legislation.gov.uk/id/nia/2010/2
Government Resources and Accounts Act (Northern Ireland);year=2001;context=http://www.legislation.gov.uk/id/nia/2001/6
Ground Rents Act (Northern Ireland);year=2001;context=http://www.legislation.gov.uk/id/nia/2001/5
Health (Miscellaneous Provisions) Act (Northern Ireland);year=2008;context=http://www.legislation.gov.uk/id/nia/2008/2
Health and Personal Social Services Act (Northern Ireland);year=2001;context=http://www.legislation.gov.uk/id/nia/2001/3
Health and Personal Social Services Act (Northern Ireland);year=2002;context=http://www.legislation.gov.uk/id/nia/2002/9
Health and Social Care (Reform) Act (Northern Ireland);year=2009;context=http://www.legislation.gov.uk/id/nia/2009/1
High Hedges Act (Northern Ireland);year=2011;context=http://www.legislation.gov.uk/id/nia/2011/21
Housing (Amendment) Act (Northern Ireland);year=2011;context=http://www.legislation.gov.uk/id/nia/2011/22
Industrial Development Act (Northern Ireland);year=2002;context=http://www.legislation.gov.uk/id/nia/2002/1
Justice Act (Northern Ireland);year=2011;context=http://www.legislation.gov.uk/id/nia/2011/24
Libraries Act (Northern Ireland);year=2008;context=http://www.legislation.gov.uk/id/nia/2008/8
Licensing and Registration of Clubs (Amendment) Act (Northern Ireland);year=2011;context=http://www.legislation.gov.uk/id/nia/2011/18
Limited Liability Partnerships Act (Northern Ireland);year=2002;context=http://www.legislation.gov.uk/id/nia/2002/12
Local Government (Best Value) Act (Northern Ireland);year=2002;context=http://www.legislation.gov.uk/id/nia/2002/4
Local Government (Boundaries) Act (Northern Ireland);year=2008;context=http://www.legislation.gov.uk/id/nia/2008/7
Local Government (Miscellaneous Provisions) Act (Northern Ireland);year=2010;context=http://www.legislation.gov.uk/id/nia/2010/7
Local Government Finance Act (Northern Ireland);year=2011;context=http://www.legislation.gov.uk/id/nia/2011/10
Mesothelioma, etc., Act (Northern Ireland);year=2008;context=http://www.legislation.gov.uk/id/nia/2008/9
Open-Ended Investment Companies Act (Northern Ireland);year=2002;context=http://www.legislation.gov.uk/id/nia/2002/13
Pensions (No. 2) Act (Northern Ireland);year=2008;context=http://www.legislation.gov.uk/id/nia/2008/13
Pensions Act (Northern Ireland);year=2008;context=http://www.legislation.gov.uk/id/nia/2008/1
Pensions Regulator Tribunal (Transfer of Functions) Act (Northern Ireland);year=2010;context=http://www.legislation.gov.uk/id/nia/2010/4
Personal Social Services (Preserved Rights) Act (Northern Ireland);year=2002;context=http://www.legislation.gov.uk/id/nia/2002/5
Planning (Compensation, etc.) Act (Northern Ireland);year=2001;context=http://www.legislation.gov.uk/id/nia/2001/2
Planning Act (Northern Ireland);year=2011;context=http://www.legislation.gov.uk/id/nia/2011/25
Presumption of Death Act (Northern Ireland);year=2009;context=http://www.legislation.gov.uk/id/nia/2009/6
Product Liability (Amendment) Act (Northern Ireland);year=2001;context=http://www.legislation.gov.uk/id/nia/2001/13
Public Authorities (Reform) Act (Northern Ireland);year=2009;context=http://www.legislation.gov.uk/id/nia/2009/3
Public Health (Amendment) Act (Northern Ireland);year=2008;context=http://www.legislation.gov.uk/id/nia/2008/5
Railway Safety Act (Northern Ireland);year=2002;context=http://www.legislation.gov.uk/id/nia/2002/8
Rates (Amendment) Act (Northern Ireland);year=2009;context=http://www.legislation.gov.uk/id/nia/2009/8
Single Use Carrier Bags Act (Northern Ireland);year=2011;context=http://www.legislation.gov.uk/id/nia/2011/26
Social Security Act (Northern Ireland);year=2002;context=http://www.legislation.gov.uk/id/nia/2002/10
Social Security Fraud Act (Northern Ireland);year=2001;context=http://www.legislation.gov.uk/id/nia/2001/17
State Pension Credit Act (Northern Ireland);year=2002;context=http://www.legislation.gov.uk/id/nia/2002/14
Street Trading Act (Northern Ireland);year=2001;context=http://www.legislation.gov.uk/id/nia/2001/8
Sunbeds Act (Northern Ireland);year=2011;context=http://www.legislation.gov.uk/id/nia/2011/19
Taxis Act (Northern Ireland);year=2008;context=http://www.legislation.gov.uk/id/nia/2008/4
Transport Act (Northern Ireland);year=2011;context=http://www.legislation.gov.uk/id/nia/2011/11
Trustee Act (Northern Ireland);year=2001;context=http://www.legislation.gov.uk/id/nia/2001/14
Water and Sewerage Services (Amendment) Act (Northern Ireland);year=2010;context=http://www.legislation.gov.uk/id/nia/2010/5
Weights and Measures (Amendment) Act (Northern Ireland);year=2000;context=http://www.legislation.gov.uk/id/nia/2000/5
Welfare Reform Act (Northern Ireland);year=2007;context=http://www.legislation.gov.uk/id/nia/2007/2
Welfare of Animals Act (Northern Ireland);year=2011;context=http://www.legislation.gov.uk/id/nia/2011/16
Wildlife and Natural Environment Act (Northern Ireland);year=2011;context=http://www.legislation.gov.uk/id/nia/2011/15
Rates (Amendment) Act (Northern Ireland);year=2012;context=http://www.legislation.gov.uk/id/nia/2012/1
Budget Act (Northern Ireland);year=2012;context=http://www.legislation.gov.uk/id/nia/2012/2
Pensions Act (Northern Ireland);year=2012;context=http://www.legislation.gov.uk/id/nia/2012/3
Budget (No. 2) Act (Northern Ireland);year=2012;context=http://www.legislation.gov.uk/id/nia/2012/4
Air Passenger Duty (Setting of Rate) Act (Northern Ireland);year=2012;context=http://www.legislation.gov.uk/id/nia/2012/5
Superannuation Act (Northern Ireland);year=2013;context=http://www.legislation.gov.uk/id/nia/2013/1
Inquiry into Historical Institutional Abuse Act (Northern Ireland);year=2013;context=http://www.legislation.gov.uk/id/nia/2013/2
Charities Act (Northern Ireland);year=2013;context=http://www.legislation.gov.uk/id/nia/2013/3
Budget Act (Northern Ireland);year=2013;context=http://www.legislation.gov.uk/id/nia/2013/4
Business Improvement Districts Act (Northern Ireland);year=2013;context=http://www.legislation.gov.uk/id/nia/2013/5
Water and Sewerage Services (Amendment) Act (Northern Ireland);year=2013;context=http://www.legislation.gov.uk/id/nia/2013/6
Criminal Justice Act (Northern Ireland);year=2013;context=http://www.legislation.gov.uk/id/nia/2013/7
Civil Service (Special Advisers) Act (Northern Ireland);year=2013;context=http://www.legislation.gov.uk/id/nia/2013/8
Budget (No. 2) Act (Northern Ireland);year=2013;context=http://www.legislation.gov.uk/id/nia/2013/9
Marine Act (Northern Ireland);year=2013;context=http://www.legislation.gov.uk/id/nia/2013/10
Road Races (Amendment) Act (Northern Ireland);year=2014;context=http://www.legislation.gov.uk/id/nia/2014/1
Public Service Pensions Act (Northern Ireland);year=2014;context=http://www.legislation.gov.uk/id/nia/2014/2
Budget Act (Northern Ireland);year=2014;context=http://www.legislation.gov.uk/id/nia/2014/3
Tobacco Retailers Act (Northern Ireland);year=2014;context=http://www.legislation.gov.uk/id/nia/2014/4
Health and Social Care (Amendment) Act (Northern Ireland);year=2014;context=http://www.legislation.gov.uk/id/nia/2014/5
Financial Provisions Act (Northern Ireland);year=2014;context=http://www.legislation.gov.uk/id/nia/2014/6
Carrier Bags Act (Northern Ireland);year=2014;context=http://www.legislation.gov.uk/id/nia/2014/7
Local Government Act (Northern Ireland);year=2014;context=http://www.legislation.gov.uk/id/nia/2014/8
Licensing of Pavement Cafés Act (Northern Ireland);year=2014;context=http://www.legislation.gov.uk/id/nia/2014/9
Budget (No. 2) Act (Northern Ireland);year=2014;context=http://www.legislation.gov.uk/id/nia/2014/10
Legal Aid and Coroners' Courts Act (Northern Ireland);year=2014;context=http://www.legislation.gov.uk/id/nia/2014/11
Education Act (Northern Ireland);year=2014;context=http://www.legislation.gov.uk/id/nia/2014/12
Work and Families Act (Northern Ireland);year=2015;context=http://www.legislation.gov.uk/id/nia/2015/1
Human Trafficking and Exploitation (Criminal Justice and Support for Victims) Act (Northern Ireland);year=2015;context=http://www.legislation.gov.uk/id/nia/2015/2
Off-street Parking (Functions of District Councils) Act (Northern Ireland);year=2015;context=http://www.legislation.gov.uk/id/nia/2015/3
Budget Act (Northern Ireland);year=2015;context=http://www.legislation.gov.uk/id/nia/2015/4
Pensions Act (Northern Ireland);year=2015;context=http://www.legislation.gov.uk/id/nia/2015/5
Ombudsman and Commissioner for Complaints (Amendment) Act (Northern Ireland);year=2015;context=http://www.legislation.gov.uk/id/nia/2015/6
Budget (No. 2) Act (Northern Ireland);year=2015;context=http://www.legislation.gov.uk/id/nia/2015/7
Reservoirs Act (Northern Ireland);year=2015;context=http://www.legislation.gov.uk/id/nia/2015/8
Justice Act (Northern Ireland);year=2015;context=http://www.legislation.gov.uk/id/nia/2015/9
Children's Services Co-operation Act (Northern Ireland);year=2015;context=http://www.legislation.gov.uk/id/nia/2015/10
Pension Schemes Act (Northern Ireland);year=2016;context=http://www.legislation.gov.uk/id/nia/2016/1
Insolvency (Amendment) Act (Northern Ireland);year=2016;context=http://www.legislation.gov.uk/id/nia/2016/2
Food Hygiene Rating Act (Northern Ireland);year=2016;context=http://www.legislation.gov.uk/id/nia/2016/3
Public Services Ombudsman Act (Northern Ireland);year=2016;context=http://www.legislation.gov.uk/id/nia/2016/4
Departments Act (Northern Ireland);year=2016;context=http://www.legislation.gov.uk/id/nia/2016/5
Rates (Amendment) Act (Northern Ireland);year=2016;context=http://www.legislation.gov.uk/id/nia/2016/6
Water and Sewerage Services Act (Northern Ireland);year=2016;context=http://www.legislation.gov.uk/id/nia/2016/7
Special Educational Needs and Disability Act (Northern Ireland);year=2016;context=http://www.legislation.gov.uk/id/nia/2016/8
Budget Act (Northern Ireland);year=2016;context=http://www.legislation.gov.uk/id/nia/2016/9
Assembly and Executive Reform (Assembly Opposition) Act (Northern Ireland);year=2016;context=http://www.legislation.gov.uk/id/nia/2016/10
Road Traffic (Amendment) Act (Northern Ireland);year=2016;context=http://www.legislation.gov.uk/id/nia/2016/11
Health and Social Care (Control of Data Processing) Act (Northern Ireland);year=2016;context=http://www.legislation.gov.uk/id/nia/2016/12
Environmental Better Regulation Act (Northern Ireland);year=2016;context=http://www.legislation.gov.uk/id/nia/2016/13
Legal Complaints and Regulation Act (Northern Ireland);year=2016;context=http://www.legislation.gov.uk/id/nia/2016/14
Employment Act (Northern Ireland);year=2016;context=http://www.legislation.gov.uk/id/nia/2016/15
Credit Unions and Co-operative and Community Benefit Societies Act (Northern Ireland);year=2016;context=http://www.legislation.gov.uk/id/nia/2016/16
Housing (Amendment) Act (Northern Ireland);year=2016;context=http://www.legislation.gov.uk/id/nia/2016/17
Mental Capacity Act (Northern Ireland);year=2016;context=http://www.legislation.gov.uk/id/nia/2016/18
Rural Needs Act (Northern Ireland);year=2016;context=http://www.legislation.gov.uk/id/nia/2016/19
Shared Education Act (Northern Ireland);year=2016;context=http://www.legislation.gov.uk/id/nia/2016/20
Justice Act (Northern Ireland);year=2016;context=http://www.legislation.gov.uk/id/nia/2016/21
Houses in Multiple Occupation Act (Northern Ireland);year=2016;context=http://www.legislation.gov.uk/id/nia/2016/22
Health and Personal Social Services (Amendment) Act (Northern Ireland);year=2016;context=http://www.legislation.gov.uk/id/nia/2016/23
Licensing Act (Northern Ireland);year=2016;context=http://www.legislation.gov.uk/id/nia/2016/24
Addressing Bullying in Schools Act (Northern Ireland);year=2016;context=http://www.legislation.gov.uk/id/nia/2016/25
Health (Miscellaneous Provisions) Act (Northern Ireland);year=2016;context=http://www.legislation.gov.uk/id/nia/2016/26
Fisheries Act (Northern Ireland);year=2016;context=http://www.legislation.gov.uk/id/nia/2016/27
Land Acquisition and Compensation (Amendment) Act (Northern Ireland);year=2016;context=http://www.legislation.gov.uk/id/nia/2016/28
Assembly Members (Reduction of Numbers) Act (Northern Ireland);year=2016;context=http://www.legislation.gov.uk/id/nia/2016/29
Budget (No. 2) Act (Northern Ireland);year=2016;context=http://www.legislation.gov.uk/id/nia/2016/30
